Blender 4.5.0 (hash 8cb6b388974a built 2025-07-15 01:35:28)
Fra:1 Mem:24.34M (Peak 24.34M) | Time:00:00.01 | Mem:0.02M, Peak:0.02M | Scene, ViewLayer | Synchronizing object | Marble tread
Fra:1 Mem:24.34M (Peak 24.34M) | Time:00:00.01 | Mem:0.02M, Peak:0.02M | Scene, ViewLayer | Synchronizing object | Marble tread.002
Fra:1 Mem:24.35M (Peak 24.35M) | Time:00:00.01 | Mem:0.02M, Peak:0.02M | Scene, ViewLayer | Synchronizing object | Inlaid bronze nosing.003
Fra:1 Mem:26.35M (Peak 26.35M) | Time:00:00.01 | Mem:0.02M, Peak:0.02M | Scene, ViewLayer | Synchronizing object | Marble tread.006
Fra:1 Mem:26.36M (Peak 26.36M) | Time:00:00.01 | Mem:0.02M, Peak:0.02M | Scene, ViewLayer | Synchronizing object | Marble tread.007
Fra:1 Mem:26.36M (Peak 26.36M) | Time:00:00.01 | Mem:0.02M, Peak:0.02M | Scene, ViewLayer | Synchronizing object | Inlaid bronze nosing.007
Fra:1 Mem:26.38M (Peak 26.38M) | Time:00:00.01 | Mem:0.02M, Peak:0.02M | Scene, ViewLayer | Synchronizing object | Marble tread.008
Fra:1 Mem:26.84M (Peak 26.84M) | Time:00:00.01 | Mem:0.02M, Peak:0.02M | Scene, ViewLayer | Synchronizing object | Inlaid bronze nosing.008
Fra:1 Mem:26.75M (Peak 26.84M) | Time:00:00.01 | Mem:0.02M, Peak:0.02M | Scene, ViewLayer | Synchronizing object | Inlaid bronze nosing.014
Fra:1 Mem:26.76M (Peak 26.84M) | Time:00:00.01 | Mem:0.02M, Peak:0.02M | Scene, ViewLayer | Synchronizing object | Inlaid bronze nosing.015
Fra:1 Mem:26.96M (Peak 26.96M) | Time:00:00.01 | Mem:0.02M, Peak:0.02M | Scene, ViewLayer | Synchronizing object | Marble tread.016
Fra:1 Mem:26.95M (Peak 26.96M) | Time:00:00.01 | Mem:0.02M, Peak:0.02M | Scene, ViewLayer | Synchronizing object | Marble tread.017
Fra:1 Mem:26.97M (Peak 26.98M) | Time:00:00.01 | Mem:0.02M, Peak:0.02M | Scene, ViewLayer | Synchronizing object | Marble tread.018
Fra:1 Mem:27.01M (Peak 27.01M) | Time:00:00.01 | Mem:0.02M, Peak:0.02M | Scene, ViewLayer | Synchronizing object | Marble tread.019
Fra:1 Mem:27.05M (Peak 27.05M) | Time:00:00.01 | Mem:0.02M, Peak:0.02M | Scene, ViewLayer | Synchronizing object | Inlaid bronze nosing.019
Fra:1 Mem:27.06M (Peak 27.06M) | Time:00:00.01 | Mem:0.02M, Peak:0.02M | Scene, ViewLayer | Synchronizing object | Marble tread.020
Fra:1 Mem:27.07M (Peak 27.07M) | Time:00:00.01 | Mem:0.02M, Peak:0.02M | Scene, ViewLayer | Synchronizing object | Inlaid bronze nosing.020
Fra:1 Mem:27.16M (Peak 27.16M) | Time:00:00.01 | Mem:0.02M, Peak:0.02M | Scene, ViewLayer | Synchronizing object | Marble tread.021
Fra:1 Mem:27.39M (Peak 27.39M) | Time:00:00.01 | Mem:0.02M, Peak:0.02M | Scene, ViewLayer | Synchronizing object | Inlaid bronze nosing.021
Fra:1 Mem:27.33M (Peak 27.39M) | Time:00:00.01 | Mem:0.02M, Peak:0.02M | Scene, ViewLayer | Synchronizing object | Inlaid bronze nosing.022
Fra:1 Mem:27.36M (Peak 27.39M) | Time:00:00.01 | Mem:0.02M, Peak:0.02M | Scene, ViewLayer | Synchronizing object | Marble tread.024
Fra:1 Mem:27.42M (Peak 27.42M) | Time:00:00.01 | Mem:0.02M, Peak:0.02M | Scene, ViewLayer | Synchronizing object | Inlaid bronze nosing.025
Fra:1 Mem:27.41M (Peak 27.42M) | Time:00:00.01 | Mem:0.02M, Peak:0.02M | Scene, ViewLayer | Synchronizing object | Marble tread.027
Fra:1 Mem:27.47M (Peak 27.47M) | Time:00:00.01 | Mem:0.02M, Peak:0.02M | Scene, ViewLayer | Synchronizing object | Inlaid bronze nosing.027
Fra:1 Mem:27.46M (Peak 27.47M) | Time:00:00.01 | Mem:0.02M, Peak:0.02M | Scene, ViewLayer | Synchronizing object | Marble tread.028
Fra:1 Mem:27.44M (Peak 27.47M) | Time:00:00.01 | Mem:0.02M, Peak:0.02M | Scene, ViewLayer | Synchronizing object | Inlaid bronze nosing.028
Fra:1 Mem:27.50M (Peak 27.50M) | Time:00:00.01 | Mem:0.02M, Peak:0.02M | Scene, ViewLayer | Synchronizing object | Inlaid bronze nosing.029
Fra:1 Mem:27.54M (Peak 27.54M) | Time:00:00.01 | Mem:0.02M, Peak:0.02M | Scene, ViewLayer | Synchronizing object | Inlaid bronze nosing.030
Fra:1 Mem:27.60M (Peak 27.60M) | Time:00:00.01 | Mem:0.02M, Peak:0.02M | Scene, ViewLayer | Synchronizing object | Marble tread.031
Fra:1 Mem:27.65M (Peak 27.65M) | Time:00:00.01 | Mem:0.02M, Peak:0.02M | Scene, ViewLayer | Synchronizing object | Inlaid bronze nosing.032
Fra:1 Mem:27.70M (Peak 27.70M) | Time:00:00.01 | Mem:0.02M, Peak:0.02M | Scene, ViewLayer | Synchronizing object | Inlaid bronze nosing.033
Fra:1 Mem:27.71M (Peak 27.71M) | Time:00:00.01 | Mem:0.02M, Peak:0.02M | Scene, ViewLayer | Synchronizing object | Marble tread.034
Fra:1 Mem:27.74M (Peak 27.74M) | Time:00:00.01 | Mem:0.02M, Peak:0.02M | Scene, ViewLayer | Synchronizing object | Inlaid bronze nosing.035
Fra:1 Mem:27.83M (Peak 27.83M) | Time:00:00.01 | Mem:0.02M, Peak:0.02M | Scene, ViewLayer | Synchronizing object | Marble tread.036
Fra:1 Mem:27.83M (Peak 27.83M) | Time:00:00.01 | Mem:0.02M, Peak:0.02M | Scene, ViewLayer | Synchronizing object | Inlaid bronze nosing.036
Fra:1 Mem:27.89M (Peak 27.89M) | Time:00:00.01 | Mem:0.02M, Peak:0.02M | Scene, ViewLayer | Synchronizing object | Continuous stair soffit.002
Fra:1 Mem:27.90M (Peak 27.90M) | Time:00:00.01 | Mem:0.02M, Peak:0.02M | Scene, ViewLayer | Synchronizing object | Marble tread.037
Fra:1 Mem:27.90M (Peak 27.90M) | Time:00:00.01 | Mem:0.02M, Peak:0.02M | Scene, ViewLayer | Synchronizing object | Inlaid bronze nosing.038
Fra:1 Mem:27.94M (Peak 27.94M) | Time:00:00.01 | Mem:0.02M, Peak:0.02M | Scene, ViewLayer | Synchronizing object | Marble tread.039
Fra:1 Mem:27.95M (Peak 27.95M) | Time:00:00.01 | Mem:0.02M, Peak:0.02M | Scene, ViewLayer | Synchronizing object | Inlaid bronze nosing.039
Fra:1 Mem:27.97M (Peak 27.97M) | Time:00:00.01 | Mem:0.02M, Peak:0.02M | Scene, ViewLayer | Synchronizing object | Marble tread.040
Fra:1 Mem:27.99M (Peak 27.99M) | Time:00:00.01 | Mem:0.02M, Peak:0.02M | Scene, ViewLayer | Synchronizing object | Continuous stair soffit.001
Fra:1 Mem:28.06M (Peak 28.06M) | Time:00:00.01 | Mem:0.02M, Peak:0.02M | Scene, ViewLayer | Synchronizing object | Inlaid bronze nosing.040
Fra:1 Mem:28.09M (Peak 28.09M) | Time:00:00.01 | Mem:0.02M, Peak:0.02M | Scene, ViewLayer | Synchronizing object | Inlaid bronze nosing.041
Fra:1 Mem:28.10M (Peak 28.10M) | Time:00:00.01 | Mem:0.02M, Peak:0.02M | Scene, ViewLayer | Synchronizing object | Corner landing 1
Fra:1 Mem:28.11M (Peak 28.11M) | Time:00:00.01 | Mem:0.02M, Peak:0.02M | Scene, ViewLayer | Synchronizing object | Landing pier 1
Fra:1 Mem:28.19M (Peak 28.19M) | Time:00:00.01 | Mem:0.02M, Peak:0.02M | Scene, ViewLayer | Synchronizing object | Pier foot 1
Fra:1 Mem:28.27M (Peak 28.27M) | Time:00:00.01 | Mem:0.02M, Peak:0.02M | Scene, ViewLayer | Synchronizing object | Pier horizontal joint.001
Fra:1 Mem:28.30M (Peak 28.30M) | Time:00:00.01 | Mem:0.02M, Peak:0.02M | Scene, ViewLayer | Synchronizing object | Pier horizontal joint.004
Fra:1 Mem:28.38M (Peak 28.38M) | Time:00:00.01 | Mem:0.02M, Peak:0.02M | Scene, ViewLayer | Synchronizing object | Corner landing 2
Fra:1 Mem:28.50M (Peak 28.50M) | Time:00:00.01 | Mem:0.02M, Peak:0.02M | Scene, ViewLayer | Synchronizing object | Landing pier 2
Fra:1 Mem:28.51M (Peak 28.51M) | Time:00:00.01 | Mem:0.02M, Peak:0.02M | Scene, ViewLayer | Synchronizing object | Pier horizontal joint.005
Fra:1 Mem:28.48M (Peak 28.51M) | Time:00:00.01 | Mem:0.02M, Peak:0.02M | Scene, ViewLayer | Synchronizing object | Pier horizontal joint.008
Fra:1 Mem:28.48M (Peak 28.51M) | Time:00:00.01 | Mem:0.02M, Peak:0.02M | Scene, ViewLayer | Synchronizing object | Pier horizontal joint.009
Fra:1 Mem:28.56M (Peak 28.56M) | Time:00:00.01 | Mem:0.02M, Peak:0.02M | Scene, ViewLayer | Synchronizing object | Landing pier 3
Fra:1 Mem:28.64M (Peak 28.64M) | Time:00:00.01 | Mem:0.02M, Peak:0.02M | Scene, ViewLayer | Synchronizing object | Pier foot 3
Fra:1 Mem:28.66M (Peak 28.66M) | Time:00:00.01 | Mem:0.02M, Peak:0.02M | Scene, ViewLayer | Synchronizing object | Pier horizontal joint.011
Fra:1 Mem:28.65M (Peak 28.66M) | Time:00:00.01 | Mem:0.02M, Peak:0.02M | Scene, ViewLayer | Synchronizing object | Pier horizontal joint.012
Fra:1 Mem:28.70M (Peak 28.70M) | Time:00:00.01 | Mem:0.02M, Peak:0.02M | Scene, ViewLayer | Synchronizing object | Pier horizontal joint.013
Fra:1 Mem:28.72M (Peak 28.72M) | Time:00:00.01 | Mem:0.02M, Peak:0.02M | Scene, ViewLayer | Synchronizing object | Pier horizontal joint.027
Fra:1 Mem:28.71M (Peak 28.72M) | Time:00:00.01 | Mem:0.02M, Peak:0.02M | Scene, ViewLayer | Synchronizing object | Pier horizontal joint.016
Fra:1 Mem:28.74M (Peak 28.74M) | Time:00:00.01 | Mem:0.02M, Peak:0.02M | Scene, ViewLayer | Synchronizing object | Pier horizontal joint.017
Fra:1 Mem:28.78M (Peak 28.78M) | Time:00:00.01 | Mem:0.02M, Peak:0.02M | Scene, ViewLayer | Synchronizing object | Corner landing 4
Fra:1 Mem:28.84M (Peak 28.84M) | Time:00:00.01 | Mem:0.02M, Peak:0.02M | Scene, ViewLayer | Synchronizing object | Landing pier 4
Fra:1 Mem:28.89M (Peak 28.89M) | Time:00:00.01 | Mem:0.02M, Peak:0.02M | Scene, ViewLayer | Synchronizing object | Pier foot 4
Fra:1 Mem:28.86M (Peak 28.89M) | Time:00:00.01 | Mem:0.02M, Peak:0.02M | Scene, ViewLayer | Synchronizing object | Pier horizontal joint.018
Fra:1 Mem:28.88M (Peak 28.89M) | Time:00:00.01 | Mem:0.02M, Peak:0.02M | Scene, ViewLayer | Synchronizing object | Pier horizontal joint.021
Fra:1 Mem:28.97M (Peak 28.97M) | Time:00:00.01 | Mem:0.02M, Peak:0.02M | Scene, ViewLayer | Synchronizing object | Pier horizontal joint.023
Fra:1 Mem:28.97M (Peak 28.97M) | Time:00:00.01 | Mem:0.02M, Peak:0.02M | Scene, ViewLayer | Synchronizing object | Pier horizontal joint.024
Fra:1 Mem:28.99M (Peak 28.99M) | Time:00:00.01 | Mem:0.02M, Peak:0.02M | Scene, ViewLayer | Synchronizing object | Pier horizontal joint.022
Fra:1 Mem:29.04M (Peak 29.04M) | Time:00:00.01 | Mem:0.02M, Peak:0.02M | Scene, ViewLayer | Synchronizing object | Pier horizontal joint.025
Fra:1 Mem:29.32M (Peak 29.32M) | Time:00:00.01 | Mem:0.02M, Peak:0.02M | Scene, ViewLayer | Initializing
Fra:1 Mem:21.64M (Peak 29.32M) | Time:00:00.01 | Mem:0.02M, Peak:0.02M | Scene, ViewLayer | Waiting for render to start
Fra:1 Mem:21.64M (Peak 29.32M) | Time:00:00.01 | Mem:0.02M, Peak:0.02M | Scene, ViewLayer | Updating Scene
Fra:1 Mem:21.64M (Peak 29.32M) | Time:00:00.01 | Mem:0.02M, Peak:0.02M | Scene, ViewLayer | Updating Shaders
Fra:1 Mem:21.73M (Peak 29.32M) | Time:00:00.02 | Mem:0.02M, Peak:0.02M | Scene, ViewLayer | Loading render kernels (may take a few minutes the first time)
Fra:1 Mem:21.72M (Peak 29.32M) | Time:00:00.06 | Mem:0.03M, Peak:0.03M | Scene, ViewLayer | Updating Procedurals
Fra:1 Mem:21.72M (Peak 29.32M) | Time:00:00.06 | Mem:0.03M, Peak:0.03M | Scene, ViewLayer | Updating Background
Fra:1 Mem:21.72M (Peak 29.32M) | Time:00:00.06 | Mem:0.03M, Peak:0.03M | Scene, ViewLayer | Updating Camera
Fra:1 Mem:21.72M (Peak 29.32M) | Time:00:00.06 | Mem:0.03M, Peak:0.03M | Scene, ViewLayer | Updating Meshes Flags
Fra:1 Mem:21.72M (Peak 29.32M) | Time:00:00.06 | Mem:0.03M, Peak:0.03M | Scene, ViewLayer | Updating Objects
Fra:1 Mem:21.72M (Peak 29.32M) | Time:00:00.06 | Mem:0.03M, Peak:0.03M | Scene, ViewLayer | Updating Objects | Copying Transformations to device
Fra:1 Mem:21.73M (Peak 29.32M) | Time:00:00.06 | Mem:0.06M, Peak:0.06M | Scene, ViewLayer | Updating Particle Systems
Fra:1 Mem:21.73M (Peak 29.32M) | Time:00:00.06 | Mem:0.06M, Peak:0.06M | Scene, ViewLayer | Updating Particle Systems | Copying Particles to device
Fra:1 Mem:21.73M (Peak 29.32M) | Time:00:00.06 | Mem:0.06M, Peak:0.06M | Scene, ViewLayer | Updating Meshes
Fra:1 Mem:21.73M (Peak 29.32M) | Time:00:00.06 | Mem:0.06M, Peak:0.06M | Scene, ViewLayer | Updating Objects | Applying Static Transformations
Fra:1 Mem:21.73M (Peak 29.32M) | Time:00:00.06 | Mem:0.06M, Peak:0.06M | Scene, ViewLayer | Updating Mesh | Computing attributes
Fra:1 Mem:22.31M (Peak 29.32M) | Time:00:00.06 | Mem:0.07M, Peak:0.07M | Scene, ViewLayer | Updating Mesh | Copying Attributes to device
Fra:1 Mem:21.73M (Peak 29.32M) | Time:00:00.13 | Mem:0.65M, Peak:0.65M | Scene, ViewLayer | Updating Geometry BVH light 131/130 | Building BVH
Fra:1 Mem:21.73M (Peak 29.32M) | Time:00:00.13 | Mem:0.65M, Peak:0.65M | Scene, ViewLayer | Updating Geometry BVH Cube.009 10/130 | Building BVH
Fra:1 Mem:21.73M (Peak 29.32M) | Time:00:00.13 | Mem:0.65M, Peak:0.65M | Scene, ViewLayer | Updating Geometry BVH Cube.011 12/130 | Building BVH
Fra:1 Mem:21.73M (Peak 29.32M) | Time:00:00.13 | Mem:0.65M, Peak:0.65M | Scene, ViewLayer | Updating Geometry BVH Cube.012 13/130 | Building BVH
Fra:1 Mem:21.73M (Peak 29.32M) | Time:00:00.13 | Mem:0.65M, Peak:0.65M | Scene, ViewLayer | Updating Geometry BVH Cube.014 15/130 | Building BVH
Fra:1 Mem:21.73M (Peak 29.32M) | Time:00:00.13 | Mem:0.65M, Peak:0.65M | Scene, ViewLayer | Updating Geometry BVH Cube.014 15/130 | Building mesh BLAS |     188 tris | Cube.011
Fra:1 Mem:21.73M (Peak 29.32M) | Time:00:00.13 | Mem:0.65M, Peak:0.65M | Scene, ViewLayer | Updating Geometry BVH Cube.016 17/130 | Building BVH
Fra:1 Mem:21.73M (Peak 29.32M) | Time:00:00.13 | Mem:0.65M, Peak:0.65M | Scene, ViewLayer | Updating Geometry BVH Cube.017 18/130 | Building mesh BLAS |     188 tris | Cube.006
Fra:1 Mem:21.73M (Peak 29.32M) | Time:00:00.13 | Mem:0.65M, Peak:0.65M | Scene, ViewLayer | Updating Geometry BVH Cube.017 18/130 | Building mesh BLAS |     188 tris | Cube.004
Fra:1 Mem:21.73M (Peak 29.32M) | Time:00:00.13 | Mem:0.65M, Peak:0.65M | Scene, ViewLayer | Updating Geometry BVH Cube.017 18/130 | Building mesh BLAS |     188 tris | Cube.007
Fra:1 Mem:21.73M (Peak 29.32M) | Time:00:00.13 | Mem:0.65M, Peak:0.65M | Scene, ViewLayer | Updating Geometry BVH Cube.017 18/130 | Building mesh BLAS |     188 tris | Cube.010
Fra:1 Mem:21.73M (Peak 29.32M) | Time:00:00.13 | Mem:0.65M, Peak:0.65M | Scene, ViewLayer | Updating Geometry BVH Cube.017 18/130 | Building mesh BLAS |     188 tris | Continuous stair soffit.003
Fra:1 Mem:21.73M (Peak 29.32M) | Time:00:00.13 | Mem:0.65M, Peak:0.65M | Scene, ViewLayer | Updating Geometry BVH Cube.017 18/130 | Building mesh BLAS |     188 tris | Cube.013
Fra:1 Mem:21.73M (Peak 29.32M) | Time:00:00.13 | Mem:0.65M, Peak:0.65M | Scene, ViewLayer | Updating Geometry BVH Cube.017 18/130 | Building mesh BLAS |     188 tris | Cube.017
Fra:1 Mem:21.73M (Peak 29.32M) | Time:00:00.13 | Mem:0.65M, Peak:0.65M | Scene, ViewLayer | Updating Geometry BVH Cube.017 18/130 | Building mesh BLAS |     188 tris | Cube.015
Fra:1 Mem:21.73M (Peak 29.32M) | Time:00:00.13 | Mem:0.65M, Peak:0.65M | Scene, ViewLayer | Updating Geometry BVH Cube.017 18/130 | Building mesh BLAS |     188 tris | Cube.001
Fra:1 Mem:21.73M (Peak 29.32M) | Time:00:00.13 | Mem:0.65M, Peak:0.65M | Scene, ViewLayer | Updating Geometry BVH Cube.017 18/130 | Building mesh BLAS |     188 tris | Cube.016
Fra:1 Mem:21.73M (Peak 29.32M) | Time:00:00.13 | Mem:0.65M, Peak:0.65M | Scene, ViewLayer | Updating Geometry BVH Cube.017 18/130 | Building mesh BLAS |     188 tris | Cube.003
Fra:1 Mem:21.73M (Peak 29.32M) | Time:00:00.13 | Mem:0.65M, Peak:0.65M | Scene, ViewLayer | Updating Geometry BVH Cube.017 18/130 | Building mesh BLAS |     188 tris | Cube.005
Fra:1 Mem:21.73M (Peak 29.32M) | Time:00:00.13 | Mem:0.65M, Peak:0.65M | Scene, ViewLayer | Updating Geometry BVH Cube.017 18/130 | Building mesh BLAS |     188 tris | Cube.002
Fra:1 Mem:21.73M (Peak 29.32M) | Time:00:00.14 | Mem:0.65M, Peak:0.65M | Scene, ViewLayer | Updating Geometry BVH Cube.018 19/130 | Building BVH
Fra:1 Mem:21.73M (Peak 29.32M) | Time:00:00.14 | Mem:0.65M, Peak:0.65M | Scene, ViewLayer | Updating Geometry BVH Cube.020 21/130 | Building BVH
Fra:1 Mem:21.73M (Peak 29.32M) | Time:00:00.14 | Mem:0.65M, Peak:0.65M | Scene, ViewLayer | Updating Geometry BVH Cube.021 22/130 | Building mesh BLAS |     188 tris | Cube.018
Fra:1 Mem:21.73M (Peak 29.32M) | Time:00:00.14 | Mem:0.65M, Peak:0.65M | Scene, ViewLayer | Updating Geometry BVH Cube.025 26/130 | Building mesh BLAS |     188 tris | Cube.020
Fra:1 Mem:21.73M (Peak 29.32M) | Time:00:00.14 | Mem:0.65M, Peak:0.65M | Scene, ViewLayer | Updating Geometry BVH Cube.026 27/130 | Building BVH
Fra:1 Mem:21.73M (Peak 29.32M) | Time:00:00.14 | Mem:0.65M, Peak:0.65M | Scene, ViewLayer | Updating Geometry BVH Cube.027 28/130 | Building BVH
Fra:1 Mem:21.73M (Peak 29.32M) | Time:00:00.14 | Mem:0.65M, Peak:0.65M | Scene, ViewLayer | Updating Geometry BVH Cube.027 28/130 | Building mesh BLAS |     188 tris | Cube.021
Fra:1 Mem:21.73M (Peak 29.32M) | Time:00:00.14 | Mem:0.65M, Peak:0.65M | Scene, ViewLayer | Updating Geometry BVH Cube.028 29/130 | Building BVH
Fra:1 Mem:21.73M (Peak 29.32M) | Time:00:00.14 | Mem:0.65M, Peak:0.65M | Scene, ViewLayer | Updating Geometry BVH Cube.032 33/130 | Building mesh BLAS |     188 tris | Cube.024
Fra:1 Mem:21.73M (Peak 29.32M) | Time:00:00.14 | Mem:0.65M, Peak:0.65M | Scene, ViewLayer | Updating Geometry BVH Cube.034 35/130 | Building mesh BLAS |     188 tris | Cube.022
Fra:1 Mem:21.73M (Peak 29.32M) | Time:00:00.14 | Mem:0.65M, Peak:0.65M | Scene, ViewLayer | Updating Geometry BVH Cube.034 35/130 | Building mesh BLAS |     188 tris | Cube.025
Fra:1 Mem:21.73M (Peak 29.32M) | Time:00:00.14 | Mem:0.65M, Peak:0.65M | Scene, ViewLayer | Updating Geometry BVH Cube.034 35/130 | Building mesh BLAS |     188 tris | Cube.026
Fra:1 Mem:21.73M (Peak 29.32M) | Time:00:00.14 | Mem:0.65M, Peak:0.65M | Scene, ViewLayer | Updating Geometry BVH Cube.034 35/130 | Building mesh BLAS |     188 tris | Cube.023
Fra:1 Mem:21.73M (Peak 29.32M) | Time:00:00.14 | Mem:0.65M, Peak:0.65M | Scene, ViewLayer | Updating Geometry BVH Cube.034 35/130 | Building mesh BLAS |     188 tris | Cube.028
Fra:1 Mem:21.73M (Peak 29.32M) | Time:00:00.14 | Mem:0.65M, Peak:0.65M | Scene, ViewLayer | Updating Geometry BVH Cube.034 35/130 | Building mesh BLAS |     188 tris | Cube.029
Fra:1 Mem:21.73M (Peak 29.32M) | Time:00:00.14 | Mem:0.65M, Peak:0.65M | Scene, ViewLayer | Updating Geometry BVH Cube.035 36/130 | Building BVH
Fra:1 Mem:21.73M (Peak 29.32M) | Time:00:00.14 | Mem:0.65M, Peak:0.65M | Scene, ViewLayer | Updating Geometry BVH Cube.035 36/130 | Building mesh BLAS |     188 tris | Cube.032
Fra:1 Mem:21.73M (Peak 29.32M) | Time:00:00.14 | Mem:0.65M, Peak:0.65M | Scene, ViewLayer | Updating Geometry BVH Cube.036 37/130 | Building BVH
Fra:1 Mem:21.73M (Peak 29.32M) | Time:00:00.14 | Mem:0.65M, Peak:0.65M | Scene, ViewLayer | Updating Geometry BVH Cube.036 37/130 | Building mesh BLAS |     188 tris | Cube.034
Fra:1 Mem:21.73M (Peak 29.32M) | Time:00:00.14 | Mem:0.65M, Peak:0.65M | Scene, ViewLayer | Updating Geometry BVH Cube.036 37/130 | Building mesh BLAS |     188 tris | Cube.036
Fra:1 Mem:21.73M (Peak 29.32M) | Time:00:00.14 | Mem:0.65M, Peak:0.65M | Scene, ViewLayer | Updating Geometry BVH Cube.036 37/130 | Building mesh BLAS |     188 tris | Cube.019
Fra:1 Mem:21.73M (Peak 29.32M) | Time:00:00.14 | Mem:0.65M, Peak:0.65M | Scene, ViewLayer | Updating Geometry BVH Cube.036 37/130 | Building mesh BLAS |     188 tris | Cube.031
Fra:1 Mem:21.73M (Peak 29.32M) | Time:00:00.14 | Mem:0.65M, Peak:0.65M | Scene, ViewLayer | Updating Geometry BVH Cube.037 38/130 | Building BVH
Fra:1 Mem:21.73M (Peak 29.32M) | Time:00:00.14 | Mem:0.65M, Peak:0.65M | Scene, ViewLayer | Updating Geometry BVH Cube.038 39/130 | Building BVH
Fra:1 Mem:21.73M (Peak 29.32M) | Time:00:00.14 | Mem:0.65M, Peak:0.65M | Scene, ViewLayer | Updating Geometry BVH Cube.038 39/130 | Building mesh BLAS |     188 tris | Cube.037
Fra:1 Mem:21.73M (Peak 29.32M) | Time:00:00.14 | Mem:0.65M, Peak:0.65M | Scene, ViewLayer | Updating Geometry BVH Cube.038 39/130 | Building mesh BLAS |     188 tris | Cube.038
Fra:1 Mem:21.73M (Peak 29.32M) | Time:00:00.14 | Mem:0.65M, Peak:0.65M | Scene, ViewLayer | Updating Geometry BVH Cube.039 40/130 | Building BVH
Fra:1 Mem:21.73M (Peak 29.32M) | Time:00:00.14 | Mem:0.65M, Peak:0.65M | Scene, ViewLayer | Updating Geometry BVH Cube.039 40/130 | Building mesh BLAS |     188 tris | Cube.033
Fra:1 Mem:21.73M (Peak 29.32M) | Time:00:00.14 | Mem:0.65M, Peak:0.65M | Scene, ViewLayer | Updating Geometry BVH Cube.040 41/130 | Building BVH
Fra:1 Mem:21.73M (Peak 29.32M) | Time:00:00.14 | Mem:0.65M, Peak:0.65M | Scene, ViewLayer | Updating Geometry BVH Cube.041 42/130 | Building BVH
Fra:1 Mem:21.73M (Peak 29.32M) | Time:00:00.14 | Mem:0.65M, Peak:0.65M | Scene, ViewLayer | Updating Geometry BVH Cube.042 43/130 | Building BVH
Fra:1 Mem:21.73M (Peak 29.32M) | Time:00:00.14 | Mem:0.65M, Peak:0.65M | Scene, ViewLayer | Updating Geometry BVH Cube.042 43/130 | Building mesh BLAS |     188 tris | Cube.041
Fra:1 Mem:21.73M (Peak 29.32M) | Time:00:00.14 | Mem:0.65M, Peak:0.65M | Scene, ViewLayer | Updating Geometry BVH Cube.042 43/130 | Building mesh BLAS |     188 tris | Cube.040
Fra:1 Mem:21.73M (Peak 29.32M) | Time:00:00.14 | Mem:0.65M, Peak:0.65M | Scene, ViewLayer | Updating Geometry BVH Cube.042 43/130 | Building mesh BLAS |     188 tris | Cube.042
Fra:1 Mem:21.73M (Peak 29.32M) | Time:00:00.14 | Mem:0.65M, Peak:0.65M | Scene, ViewLayer | Updating Geometry BVH Cube.043 44/130 | Building BVH
Fra:1 Mem:21.73M (Peak 29.32M) | Time:00:00.14 | Mem:0.65M, Peak:0.65M | Scene, ViewLayer | Updating Geometry BVH Cube.043 44/130 | Building mesh BLAS |     188 tris | Cube.043
Fra:1 Mem:21.73M (Peak 29.32M) | Time:00:00.14 | Mem:0.65M, Peak:0.65M | Scene, ViewLayer | Updating Geometry BVH Cube.044 45/130 | Building BVH
Fra:1 Mem:21.73M (Peak 29.32M) | Time:00:00.14 | Mem:0.65M, Peak:0.65M | Scene, ViewLayer | Updating Geometry BVH Cube.044 45/130 | Building mesh BLAS |     188 tris | Cube.044
Fra:1 Mem:21.73M (Peak 29.32M) | Time:00:00.14 | Mem:0.65M, Peak:0.65M | Scene, ViewLayer | Updating Geometry BVH Cube.045 46/130 | Building BVH
Fra:1 Mem:21.73M (Peak 29.32M) | Time:00:00.14 | Mem:0.65M, Peak:0.65M | Scene, ViewLayer | Updating Geometry BVH Cube.045 46/130 | Building mesh BLAS |     188 tris | Cube.045
Fra:1 Mem:21.73M (Peak 29.32M) | Time:00:00.14 | Mem:0.65M, Peak:0.65M | Scene, ViewLayer | Updating Geometry BVH Cube.046 47/130 | Building BVH
Fra:1 Mem:21.73M (Peak 29.32M) | Time:00:00.14 | Mem:0.65M, Peak:0.65M | Scene, ViewLayer | Updating Geometry BVH Cube.046 47/130 | Building mesh BLAS |     188 tris | Cube.046
Fra:1 Mem:21.73M (Peak 29.32M) | Time:00:00.14 | Mem:0.65M, Peak:0.65M | Scene, ViewLayer | Updating Geometry BVH Cube.047 48/130 | Building BVH
Fra:1 Mem:21.73M (Peak 29.32M) | Time:00:00.14 | Mem:0.65M, Peak:0.65M | Scene, ViewLayer | Updating Geometry BVH Cube.048 49/130 | Building BVH
Fra:1 Mem:21.73M (Peak 29.32M) | Time:00:00.14 | Mem:0.65M, Peak:0.65M | Scene, ViewLayer | Updating Geometry BVH Cube.048 49/130 | Building mesh BLAS |     188 tris | Cube.047
Fra:1 Mem:21.73M (Peak 29.32M) | Time:00:00.14 | Mem:0.65M, Peak:0.65M | Scene, ViewLayer | Updating Geometry BVH Cube.048 49/130 | Building mesh BLAS |     188 tris | Cube.048
Fra:1 Mem:21.73M (Peak 29.32M) | Time:00:00.14 | Mem:0.65M, Peak:0.65M | Scene, ViewLayer | Updating Geometry BVH Cube.049 50/130 | Building BVH
Fra:1 Mem:21.73M (Peak 29.32M) | Time:00:00.14 | Mem:0.65M, Peak:0.65M | Scene, ViewLayer | Updating Geometry BVH Cube.049 50/130 | Building mesh BLAS |     188 tris | Cube.049
Fra:1 Mem:21.73M (Peak 29.32M) | Time:00:00.14 | Mem:0.65M, Peak:0.65M | Scene, ViewLayer | Updating Geometry BVH Cube.050 51/130 | Building BVH
Fra:1 Mem:21.73M (Peak 29.32M) | Time:00:00.14 | Mem:0.65M, Peak:0.65M | Scene, ViewLayer | Updating Geometry BVH Cube.051 52/130 | Building BVH
Fra:1 Mem:21.73M (Peak 29.32M) | Time:00:00.14 | Mem:0.65M, Peak:0.65M | Scene, ViewLayer | Updating Geometry BVH Cube.051 52/130 | Building mesh BLAS |     188 tris | Cube.050
Fra:1 Mem:21.73M (Peak 29.32M) | Time:00:00.14 | Mem:0.65M, Peak:0.65M | Scene, ViewLayer | Updating Geometry BVH Cube.052 53/130 | Building BVH
Fra:1 Mem:21.73M (Peak 29.32M) | Time:00:00.14 | Mem:0.65M, Peak:0.65M | Scene, ViewLayer | Updating Geometry BVH Cube.052 53/130 | Building mesh BLAS |     188 tris | Cube.051
Fra:1 Mem:21.73M (Peak 29.32M) | Time:00:00.14 | Mem:0.65M, Peak:0.65M | Scene, ViewLayer | Updating Geometry BVH Cube.052 53/130 | Building mesh BLAS |     188 tris | Cube.052
Fra:1 Mem:21.73M (Peak 29.32M) | Time:00:00.14 | Mem:0.65M, Peak:0.65M | Scene, ViewLayer | Updating Geometry BVH Cube.053 54/130 | Building BVH
Fra:1 Mem:21.73M (Peak 29.32M) | Time:00:00.14 | Mem:0.65M, Peak:0.65M | Scene, ViewLayer | Updating Geometry BVH Cube.054 55/130 | Building BVH
Fra:1 Mem:21.73M (Peak 29.32M) | Time:00:00.14 | Mem:0.65M, Peak:0.65M | Scene, ViewLayer | Updating Geometry BVH Cube.055 56/130 | Building mesh BLAS |     188 tris | Cube.053
Fra:1 Mem:21.73M (Peak 29.32M) | Time:00:00.14 | Mem:0.65M, Peak:0.65M | Scene, ViewLayer | Updating Geometry BVH Cube.055 56/130 | Building mesh BLAS |     188 tris | Cube.054
Fra:1 Mem:21.73M (Peak 29.32M) | Time:00:00.14 | Mem:0.65M, Peak:0.65M | Scene, ViewLayer | Updating Geometry BVH Cube.056 57/130 | Building BVH
Fra:1 Mem:21.73M (Peak 29.32M) | Time:00:00.14 | Mem:0.65M, Peak:0.65M | Scene, ViewLayer | Updating Geometry BVH Cube.056 57/130 | Building mesh BLAS |     188 tris | Cube.056
Fra:1 Mem:21.73M (Peak 29.32M) | Time:00:00.14 | Mem:0.65M, Peak:0.65M | Scene, ViewLayer | Updating Geometry BVH Continuous stair soffit.001 128/130 | Building BVH
Fra:1 Mem:21.73M (Peak 29.32M) | Time:00:00.14 | Mem:0.65M, Peak:0.65M | Scene, ViewLayer | Updating Geometry BVH Cube.057 58/130 | Building BVH
Fra:1 Mem:21.73M (Peak 29.32M) | Time:00:00.14 | Mem:0.65M, Peak:0.65M | Scene, ViewLayer | Updating Geometry BVH Cube.057 58/130 | Building mesh BLAS |     188 tris | Continuous stair soffit.001
Fra:1 Mem:21.73M (Peak 29.32M) | Time:00:00.14 | Mem:0.65M, Peak:0.65M | Scene, ViewLayer | Updating Geometry BVH Cube.057 58/130 | Building mesh BLAS |     188 tris | Cube.057
Fra:1 Mem:21.73M (Peak 29.32M) | Time:00:00.14 | Mem:0.65M, Peak:0.65M | Scene, ViewLayer | Updating Geometry BVH Cube.058 59/130 | Building BVH
Fra:1 Mem:21.73M (Peak 29.32M) | Time:00:00.14 | Mem:0.65M, Peak:0.65M | Scene, ViewLayer | Updating Geometry BVH Cube.058 59/130 | Building mesh BLAS |     188 tris | Cube.058
Fra:1 Mem:21.73M (Peak 29.32M) | Time:00:00.14 | Mem:0.65M, Peak:0.65M | Scene, ViewLayer | Updating Geometry BVH Cube.059 60/130 | Building BVH
Fra:1 Mem:21.73M (Peak 29.32M) | Time:00:00.14 | Mem:0.65M, Peak:0.65M | Scene, ViewLayer | Updating Geometry BVH Cube.059 60/130 | Building mesh BLAS |     188 tris | Cube.059
Fra:1 Mem:21.73M (Peak 29.32M) | Time:00:00.14 | Mem:0.65M, Peak:0.65M | Scene, ViewLayer | Updating Geometry BVH Cube.060 61/130 | Building BVH
Fra:1 Mem:21.73M (Peak 29.32M) | Time:00:00.14 | Mem:0.65M, Peak:0.65M | Scene, ViewLayer | Updating Geometry BVH Cube.061 62/130 | Building BVH
Fra:1 Mem:21.73M (Peak 29.32M) | Time:00:00.14 | Mem:0.65M, Peak:0.65M | Scene, ViewLayer | Updating Geometry BVH Cube.061 62/130 | Building mesh BLAS |     188 tris | Cube.060
Fra:1 Mem:21.73M (Peak 29.32M) | Time:00:00.14 | Mem:0.65M, Peak:0.65M | Scene, ViewLayer | Updating Geometry BVH Cube.061 62/130 | Building mesh BLAS |     188 tris | Cube.061
Fra:1 Mem:21.73M (Peak 29.32M) | Time:00:00.14 | Mem:0.65M, Peak:0.65M | Scene, ViewLayer | Updating Geometry BVH Cube.062 63/130 | Building BVH
Fra:1 Mem:21.73M (Peak 29.32M) | Time:00:00.14 | Mem:0.65M, Peak:0.65M | Scene, ViewLayer | Updating Geometry BVH Cube.062 63/130 | Building mesh BLAS |     188 tris | Cube.062
Fra:1 Mem:21.73M (Peak 29.32M) | Time:00:00.14 | Mem:0.65M, Peak:0.65M | Scene, ViewLayer | Updating Geometry BVH Cube.063 64/130 | Building BVH
Fra:1 Mem:21.73M (Peak 29.32M) | Time:00:00.14 | Mem:0.65M, Peak:0.65M | Scene, ViewLayer | Updating Geometry BVH Cube.063 64/130 | Building mesh BLAS |     188 tris | Cube.063
Fra:1 Mem:21.73M (Peak 29.32M) | Time:00:00.14 | Mem:0.65M, Peak:0.65M | Scene, ViewLayer | Updating Geometry BVH Cube.064 65/130 | Building BVH
Fra:1 Mem:21.73M (Peak 29.32M) | Time:00:00.14 | Mem:0.65M, Peak:0.65M | Scene, ViewLayer | Updating Geometry BVH Cube.064 65/130 | Building mesh BLAS |     188 tris | Cube.064
Fra:1 Mem:21.73M (Peak 29.32M) | Time:00:00.14 | Mem:0.65M, Peak:0.65M | Scene, ViewLayer | Updating Geometry BVH Cube.065 66/130 | Building BVH
Fra:1 Mem:21.73M (Peak 29.32M) | Time:00:00.14 | Mem:0.65M, Peak:0.65M | Scene, ViewLayer | Updating Geometry BVH Cube.065 66/130 | Building mesh BLAS |     188 tris | Cube.065
Fra:1 Mem:21.73M (Peak 29.32M) | Time:00:00.14 | Mem:0.65M, Peak:0.65M | Scene, ViewLayer | Updating Geometry BVH Cube.066 67/130 | Building BVH
Fra:1 Mem:21.73M (Peak 29.32M) | Time:00:00.14 | Mem:0.65M, Peak:0.65M | Scene, ViewLayer | Updating Geometry BVH Cube.066 67/130 | Building mesh BLAS |     188 tris | Cube.066
Fra:1 Mem:21.73M (Peak 29.32M) | Time:00:00.14 | Mem:0.65M, Peak:0.65M | Scene, ViewLayer | Updating Geometry BVH Cube.068 69/130 | Building BVH
Fra:1 Mem:21.73M (Peak 29.32M) | Time:00:00.14 | Mem:0.65M, Peak:0.65M | Scene, ViewLayer | Updating Geometry BVH Cube.069 70/130 | Building BVH
Fra:1 Mem:21.73M (Peak 29.32M) | Time:00:00.14 | Mem:0.65M, Peak:0.65M | Scene, ViewLayer | Updating Geometry BVH Cube.069 70/130 | Building mesh BLAS |     188 tris | Cube.067
Fra:1 Mem:21.73M (Peak 29.32M) | Time:00:00.14 | Mem:0.65M, Peak:0.65M | Scene, ViewLayer | Updating Geometry BVH Cube.069 70/130 | Building mesh BLAS |     188 tris | Cube.069
Fra:1 Mem:21.73M (Peak 29.32M) | Time:00:00.14 | Mem:0.65M, Peak:0.65M | Scene, ViewLayer | Updating Geometry BVH Cube.070 71/130 | Building BVH
Fra:1 Mem:21.73M (Peak 29.32M) | Time:00:00.14 | Mem:0.65M, Peak:0.65M | Scene, ViewLayer | Updating Geometry BVH Continuous stair soffit 127/130 | Building BVH
Fra:1 Mem:21.73M (Peak 29.32M) | Time:00:00.14 | Mem:0.65M, Peak:0.65M | Scene, ViewLayer | Updating Geometry BVH Continuous stair soffit 127/130 | Building mesh BLAS |     188 tris | Cube.070
Fra:1 Mem:21.73M (Peak 29.32M) | Time:00:00.14 | Mem:0.65M, Peak:0.65M | Scene, ViewLayer | Updating Geometry BVH Continuous stair soffit 127/130 | Building mesh BLAS |     188 tris | Continuous stair soffit
Fra:1 Mem:21.73M (Peak 29.32M) | Time:00:00.14 | Mem:0.65M, Peak:0.65M | Scene, ViewLayer | Updating Geometry BVH Cube.071 72/130 | Building BVH
Fra:1 Mem:21.73M (Peak 29.32M) | Time:00:00.14 | Mem:0.65M, Peak:0.65M | Scene, ViewLayer | Updating Geometry BVH Cube.072 73/130 | Building mesh BLAS |     188 tris | Cube.071
Fra:1 Mem:21.73M (Peak 29.32M) | Time:00:00.14 | Mem:0.65M, Peak:0.65M | Scene, ViewLayer | Updating Geometry BVH Cube.073 74/130 | Building BVH
Fra:1 Mem:21.73M (Peak 29.32M) | Time:00:00.14 | Mem:0.65M, Peak:0.65M | Scene, ViewLayer | Updating Geometry BVH Cube.075 76/130 | Building BVH
Fra:1 Mem:21.73M (Peak 29.32M) | Time:00:00.14 | Mem:0.65M, Peak:0.65M | Scene, ViewLayer | Updating Geometry BVH Cube.074 75/130 | Building BVH
Fra:1 Mem:21.73M (Peak 29.32M) | Time:00:00.14 | Mem:0.65M, Peak:0.65M | Scene, ViewLayer | Updating Geometry BVH Cube.074 75/130 | Building mesh BLAS |     188 tris | Cube.072
Fra:1 Mem:21.73M (Peak 29.32M) | Time:00:00.14 | Mem:0.65M, Peak:0.65M | Scene, ViewLayer | Updating Geometry BVH Cube.074 75/130 | Building mesh BLAS |     188 tris | Cube.074
Fra:1 Mem:21.73M (Peak 29.32M) | Time:00:00.14 | Mem:0.65M, Peak:0.65M | Scene, ViewLayer | Updating Geometry BVH Cube.077 78/130 | Building BVH
Fra:1 Mem:21.73M (Peak 29.32M) | Time:00:00.14 | Mem:0.65M, Peak:0.65M | Scene, ViewLayer | Updating Geometry BVH Cube.078 79/130 | Building BVH
Fra:1 Mem:21.73M (Peak 29.32M) | Time:00:00.14 | Mem:0.65M, Peak:0.65M | Scene, ViewLayer | Updating Geometry BVH Cube.078 79/130 | Building mesh BLAS |     188 tris | Cube.076
Fra:1 Mem:21.73M (Peak 29.32M) | Time:00:00.14 | Mem:0.65M, Peak:0.65M | Scene, ViewLayer | Updating Geometry BVH Cube.078 79/130 | Building mesh BLAS |     188 tris | Cube.078
Fra:1 Mem:21.73M (Peak 29.32M) | Time:00:00.14 | Mem:0.65M, Peak:0.65M | Scene, ViewLayer | Updating Geometry BVH Cube.078 79/130 | Building mesh BLAS |     188 tris | Cube.077
Fra:1 Mem:21.73M (Peak 29.32M) | Time:00:00.15 | Mem:0.65M, Peak:0.65M | Scene, ViewLayer | Updating Geometry BVH Cube.079 80/130 | Building BVH
Fra:1 Mem:21.73M (Peak 29.32M) | Time:00:00.15 | Mem:0.65M, Peak:0.65M | Scene, ViewLayer | Updating Geometry BVH Cube.080 81/130 | Building BVH
Fra:1 Mem:21.73M (Peak 29.32M) | Time:00:00.15 | Mem:0.65M, Peak:0.65M | Scene, ViewLayer | Updating Geometry BVH Cube.080 81/130 | Building mesh BLAS |     188 tris | Cube.079
Fra:1 Mem:21.73M (Peak 29.32M) | Time:00:00.15 | Mem:0.65M, Peak:0.65M | Scene, ViewLayer | Updating Geometry BVH Cube.080 81/130 | Building mesh BLAS |     188 tris | Cube.080
Fra:1 Mem:21.73M (Peak 29.32M) | Time:00:00.15 | Mem:0.65M, Peak:0.65M | Scene, ViewLayer | Updating Geometry BVH Cube.081 82/130 | Building BVH
Fra:1 Mem:21.73M (Peak 29.32M) | Time:00:00.15 | Mem:0.65M, Peak:0.65M | Scene, ViewLayer | Updating Geometry BVH Cube.081 82/130 | Building mesh BLAS |     188 tris | Cube.081
Fra:1 Mem:21.73M (Peak 29.32M) | Time:00:00.15 | Mem:0.65M, Peak:0.65M | Scene, ViewLayer | Updating Geometry BVH Cube.082 83/130 | Building BVH
Fra:1 Mem:21.73M (Peak 29.32M) | Time:00:00.15 | Mem:0.65M, Peak:0.65M | Scene, ViewLayer | Updating Geometry BVH Cube.082 83/130 | Building mesh BLAS |     188 tris | Cube.082
Fra:1 Mem:21.73M (Peak 29.32M) | Time:00:00.15 | Mem:0.65M, Peak:0.65M | Scene, ViewLayer | Updating Geometry BVH Cube.083 84/130 | Building BVH
Fra:1 Mem:21.73M (Peak 29.32M) | Time:00:00.15 | Mem:0.65M, Peak:0.65M | Scene, ViewLayer | Updating Geometry BVH Cube.083 84/130 | Building mesh BLAS |     188 tris | Cube.083
Fra:1 Mem:21.73M (Peak 29.32M) | Time:00:00.15 | Mem:0.65M, Peak:0.65M | Scene, ViewLayer | Updating Geometry BVH Cube.084 85/130 | Building BVH
Fra:1 Mem:21.73M (Peak 29.32M) | Time:00:00.15 | Mem:0.65M, Peak:0.65M | Scene, ViewLayer | Updating Geometry BVH Cube.084 85/130 | Building mesh BLAS |     188 tris | Cube.084
Fra:1 Mem:21.73M (Peak 29.32M) | Time:00:00.15 | Mem:0.65M, Peak:0.65M | Scene, ViewLayer | Updating Geometry BVH Cube.085 86/130 | Building BVH
Fra:1 Mem:21.73M (Peak 29.32M) | Time:00:00.15 | Mem:0.65M, Peak:0.65M | Scene, ViewLayer | Updating Geometry BVH Cube.085 86/130 | Building mesh BLAS |     188 tris | Cube.085
Fra:1 Mem:21.73M (Peak 29.32M) | Time:00:00.15 | Mem:0.65M, Peak:0.65M | Scene, ViewLayer | Updating Geometry BVH Cube.086 87/130 | Building BVH
Fra:1 Mem:21.73M (Peak 29.32M) | Time:00:00.15 | Mem:0.65M, Peak:0.65M | Scene, ViewLayer | Updating Geometry BVH Cube.086 87/130 | Building mesh BLAS |     188 tris | Cube.086
Fra:1 Mem:21.73M (Peak 29.32M) | Time:00:00.15 | Mem:0.65M, Peak:0.65M | Scene, ViewLayer | Updating Geometry BVH Cube.087 88/130 | Building BVH
Fra:1 Mem:21.73M (Peak 29.32M) | Time:00:00.15 | Mem:0.65M, Peak:0.65M | Scene, ViewLayer | Updating Geometry BVH Cube.087 88/130 | Building mesh BLAS |     188 tris | Cube.087
Fra:1 Mem:21.73M (Peak 29.32M) | Time:00:00.15 | Mem:0.65M, Peak:0.65M | Scene, ViewLayer | Updating Geometry BVH Cube.125 126/130 | Building BVH
Fra:1 Mem:21.73M (Peak 29.32M) | Time:00:00.15 | Mem:0.65M, Peak:0.65M | Scene, ViewLayer | Updating Geometry BVH Cube.125 126/130 | Building mesh BLAS |     188 tris | Cube.125
Fra:1 Mem:21.73M (Peak 29.32M) | Time:00:00.15 | Mem:0.65M, Peak:0.65M | Scene, ViewLayer | Updating Geometry BVH Cube.088 89/130 | Building BVH
Fra:1 Mem:21.73M (Peak 29.32M) | Time:00:00.15 | Mem:0.65M, Peak:0.65M | Scene, ViewLayer | Updating Geometry BVH Cube.088 89/130 | Building mesh BLAS |     188 tris | Cube.088
Fra:1 Mem:21.73M (Peak 29.32M) | Time:00:00.15 | Mem:0.65M, Peak:0.65M | Scene, ViewLayer | Updating Geometry BVH Cube.089 90/130 | Building BVH
Fra:1 Mem:21.73M (Peak 29.32M) | Time:00:00.15 | Mem:0.65M, Peak:0.65M | Scene, ViewLayer | Updating Geometry BVH Cube.089 90/130 | Building mesh BLAS |     188 tris | Cube.089
Fra:1 Mem:21.73M (Peak 29.32M) | Time:00:00.15 | Mem:0.65M, Peak:0.65M | Scene, ViewLayer | Updating Geometry BVH Cube.090 91/130 | Building BVH
Fra:1 Mem:21.73M (Peak 29.32M) | Time:00:00.15 | Mem:0.65M, Peak:0.65M | Scene, ViewLayer | Updating Geometry BVH Cube.090 91/130 | Building mesh BLAS |     188 tris | Cube.090
Fra:1 Mem:21.73M (Peak 29.32M) | Time:00:00.15 | Mem:0.65M, Peak:0.65M | Scene, ViewLayer | Updating Geometry BVH Cube.091 92/130 | Building BVH
Fra:1 Mem:21.73M (Peak 29.32M) | Time:00:00.15 | Mem:0.65M, Peak:0.65M | Scene, ViewLayer | Updating Geometry BVH Cube.091 92/130 | Building mesh BLAS |     188 tris | Cube.091
Fra:1 Mem:21.73M (Peak 29.32M) | Time:00:00.15 | Mem:0.65M, Peak:0.65M | Scene, ViewLayer | Updating Geometry BVH Cube.092 93/130 | Building BVH
Fra:1 Mem:21.73M (Peak 29.32M) | Time:00:00.15 | Mem:0.65M, Peak:0.65M | Scene, ViewLayer | Updating Geometry BVH Cube.092 93/130 | Building mesh BLAS |     188 tris | Cube.092
Fra:1 Mem:21.73M (Peak 29.32M) | Time:00:00.15 | Mem:0.65M, Peak:0.65M | Scene, ViewLayer | Updating Geometry BVH Cube.093 94/130 | Building BVH
Fra:1 Mem:21.73M (Peak 29.32M) | Time:00:00.15 | Mem:0.65M, Peak:0.65M | Scene, ViewLayer | Updating Geometry BVH Cube.093 94/130 | Building mesh BLAS |     188 tris | Cube.093
Fra:1 Mem:21.73M (Peak 29.32M) | Time:00:00.15 | Mem:0.65M, Peak:0.65M | Scene, ViewLayer | Updating Geometry BVH Cube.094 95/130 | Building BVH
Fra:1 Mem:21.73M (Peak 29.32M) | Time:00:00.15 | Mem:0.65M, Peak:0.65M | Scene, ViewLayer | Updating Geometry BVH Cube.094 95/130 | Building mesh BLAS |     188 tris | Cube.094
Fra:1 Mem:21.73M (Peak 29.32M) | Time:00:00.15 | Mem:0.65M, Peak:0.65M | Scene, ViewLayer | Updating Geometry BVH Cube.095 96/130 | Building BVH
Fra:1 Mem:21.73M (Peak 29.32M) | Time:00:00.15 | Mem:0.65M, Peak:0.65M | Scene, ViewLayer | Updating Geometry BVH Cube.095 96/130 | Building mesh BLAS |     188 tris | Cube.095
Fra:1 Mem:21.73M (Peak 29.32M) | Time:00:00.15 | Mem:0.65M, Peak:0.65M | Scene, ViewLayer | Updating Geometry BVH Cube.096 97/130 | Building BVH
Fra:1 Mem:21.73M (Peak 29.32M) | Time:00:00.15 | Mem:0.65M, Peak:0.65M | Scene, ViewLayer | Updating Geometry BVH Cube.096 97/130 | Building mesh BLAS |     188 tris | Cube.096
Fra:1 Mem:21.73M (Peak 29.32M) | Time:00:00.15 | Mem:0.65M, Peak:0.65M | Scene, ViewLayer | Updating Geometry BVH Cube.097 98/130 | Building BVH
Fra:1 Mem:21.73M (Peak 29.32M) | Time:00:00.15 | Mem:0.65M, Peak:0.65M | Scene, ViewLayer | Updating Geometry BVH Cube.097 98/130 | Building mesh BLAS |     188 tris | Cube.097
Fra:1 Mem:21.73M (Peak 29.32M) | Time:00:00.15 | Mem:0.65M, Peak:0.65M | Scene, ViewLayer | Updating Geometry BVH Cube.098 99/130 | Building BVH
Fra:1 Mem:21.73M (Peak 29.32M) | Time:00:00.15 | Mem:0.65M, Peak:0.65M | Scene, ViewLayer | Updating Geometry BVH Cube.098 99/130 | Building mesh BLAS |     188 tris | Cube.098
Fra:1 Mem:21.73M (Peak 29.32M) | Time:00:00.15 | Mem:0.65M, Peak:0.65M | Scene, ViewLayer | Updating Geometry BVH Cube.099 100/130 | Building BVH
Fra:1 Mem:21.73M (Peak 29.32M) | Time:00:00.15 | Mem:0.65M, Peak:0.65M | Scene, ViewLayer | Updating Geometry BVH Cube.099 100/130 | Building mesh BLAS |     188 tris | Cube.099
Fra:1 Mem:21.73M (Peak 29.32M) | Time:00:00.15 | Mem:0.65M, Peak:0.65M | Scene, ViewLayer | Updating Geometry BVH Cube.100 101/130 | Building BVH
Fra:1 Mem:21.73M (Peak 29.32M) | Time:00:00.15 | Mem:0.65M, Peak:0.65M | Scene, ViewLayer | Updating Geometry BVH Cube.100 101/130 | Building mesh BLAS |     188 tris | Cube.100
Fra:1 Mem:21.73M (Peak 29.32M) | Time:00:00.15 | Mem:0.65M, Peak:0.65M | Scene, ViewLayer | Updating Geometry BVH Cube.101 102/130 | Building BVH
Fra:1 Mem:21.73M (Peak 29.32M) | Time:00:00.15 | Mem:0.65M, Peak:0.65M | Scene, ViewLayer | Updating Geometry BVH Cube.101 102/130 | Building mesh BLAS |     188 tris | Cube.101
Fra:1 Mem:21.73M (Peak 29.32M) | Time:00:00.15 | Mem:0.65M, Peak:0.65M | Scene, ViewLayer | Updating Geometry BVH Cube.102 103/130 | Building BVH
Fra:1 Mem:21.73M (Peak 29.32M) | Time:00:00.15 | Mem:0.65M, Peak:0.65M | Scene, ViewLayer | Updating Geometry BVH Cube.102 103/130 | Building mesh BLAS |     188 tris | Cube.102
Fra:1 Mem:21.73M (Peak 29.32M) | Time:00:00.15 | Mem:0.65M, Peak:0.65M | Scene, ViewLayer | Updating Geometry BVH Cube.103 104/130 | Building BVH
Fra:1 Mem:21.73M (Peak 29.32M) | Time:00:00.15 | Mem:0.65M, Peak:0.65M | Scene, ViewLayer | Updating Geometry BVH Cube.103 104/130 | Building mesh BLAS |     188 tris | Cube.103
Fra:1 Mem:21.73M (Peak 29.32M) | Time:00:00.15 | Mem:0.65M, Peak:0.65M | Scene, ViewLayer | Updating Geometry BVH Cube.104 105/130 | Building BVH
Fra:1 Mem:21.73M (Peak 29.32M) | Time:00:00.15 | Mem:0.65M, Peak:0.65M | Scene, ViewLayer | Updating Geometry BVH Cube.104 105/130 | Building mesh BLAS |     188 tris | Cube.104
Fra:1 Mem:21.73M (Peak 29.32M) | Time:00:00.15 | Mem:0.65M, Peak:0.65M | Scene, ViewLayer | Updating Geometry BVH Cube.124 125/130 | Building BVH
Fra:1 Mem:21.73M (Peak 29.32M) | Time:00:00.15 | Mem:0.65M, Peak:0.65M | Scene, ViewLayer | Updating Geometry BVH Cube.124 125/130 | Building mesh BLAS |     188 tris | Cube.124
Fra:1 Mem:21.73M (Peak 29.32M) | Time:00:00.15 | Mem:0.65M, Peak:0.65M | Scene, ViewLayer | Updating Geometry BVH Cube.105 106/130 | Building BVH
Fra:1 Mem:21.73M (Peak 29.32M) | Time:00:00.15 | Mem:0.65M, Peak:0.65M | Scene, ViewLayer | Updating Geometry BVH Cube.105 106/130 | Building mesh BLAS |     188 tris | Cube.105
Fra:1 Mem:21.73M (Peak 29.32M) | Time:00:00.15 | Mem:0.65M, Peak:0.65M | Scene, ViewLayer | Updating Geometry BVH Cube.106 107/130 | Building BVH
Fra:1 Mem:21.73M (Peak 29.32M) | Time:00:00.15 | Mem:0.65M, Peak:0.65M | Scene, ViewLayer | Updating Geometry BVH Cube.106 107/130 | Building mesh BLAS |     188 tris | Cube.106
Fra:1 Mem:21.73M (Peak 29.32M) | Time:00:00.15 | Mem:0.65M, Peak:0.65M | Scene, ViewLayer | Updating Geometry BVH Cube.107 108/130 | Building BVH
Fra:1 Mem:21.73M (Peak 29.32M) | Time:00:00.15 | Mem:0.65M, Peak:0.65M | Scene, ViewLayer | Updating Geometry BVH Cube.107 108/130 | Building mesh BLAS |     188 tris | Cube.107
Fra:1 Mem:21.73M (Peak 29.32M) | Time:00:00.15 | Mem:0.65M, Peak:0.65M | Scene, ViewLayer | Updating Geometry BVH Cube.108 109/130 | Building BVH
Fra:1 Mem:21.73M (Peak 29.32M) | Time:00:00.15 | Mem:0.65M, Peak:0.65M | Scene, ViewLayer | Updating Geometry BVH Cube.108 109/130 | Building mesh BLAS |     188 tris | Cube.108
Fra:1 Mem:21.73M (Peak 29.32M) | Time:00:00.15 | Mem:0.65M, Peak:0.65M | Scene, ViewLayer | Updating Geometry BVH Cube.109 110/130 | Building BVH
Fra:1 Mem:21.73M (Peak 29.32M) | Time:00:00.15 | Mem:0.65M, Peak:0.65M | Scene, ViewLayer | Updating Geometry BVH Cube.109 110/130 | Building mesh BLAS |     188 tris | Cube.109
Fra:1 Mem:21.73M (Peak 29.32M) | Time:00:00.15 | Mem:0.65M, Peak:0.65M | Scene, ViewLayer | Updating Geometry BVH Cube.110 111/130 | Building BVH
Fra:1 Mem:21.73M (Peak 29.32M) | Time:00:00.15 | Mem:0.65M, Peak:0.65M | Scene, ViewLayer | Updating Geometry BVH Cube.110 111/130 | Building mesh BLAS |     188 tris | Cube.110
Fra:1 Mem:21.73M (Peak 29.32M) | Time:00:00.15 | Mem:0.65M, Peak:0.65M | Scene, ViewLayer | Updating Geometry BVH Cube.111 112/130 | Building BVH
Fra:1 Mem:21.73M (Peak 29.32M) | Time:00:00.15 | Mem:0.65M, Peak:0.65M | Scene, ViewLayer | Updating Geometry BVH Cube.111 112/130 | Building mesh BLAS |     188 tris | Cube.111
Fra:1 Mem:21.73M (Peak 29.32M) | Time:00:00.15 | Mem:0.65M, Peak:0.65M | Scene, ViewLayer | Updating Geometry BVH Cube.112 113/130 | Building BVH
Fra:1 Mem:21.73M (Peak 29.32M) | Time:00:00.15 | Mem:0.65M, Peak:0.65M | Scene, ViewLayer | Updating Geometry BVH Cube.112 113/130 | Building mesh BLAS |     188 tris | Cube.112
Fra:1 Mem:21.73M (Peak 29.32M) | Time:00:00.15 | Mem:0.65M, Peak:0.65M | Scene, ViewLayer | Updating Geometry BVH Cube.113 114/130 | Building BVH
Fra:1 Mem:21.73M (Peak 29.32M) | Time:00:00.15 | Mem:0.65M, Peak:0.65M | Scene, ViewLayer | Updating Geometry BVH Cube.113 114/130 | Building mesh BLAS |     188 tris | Cube.113
Fra:1 Mem:21.73M (Peak 29.32M) | Time:00:00.16 | Mem:0.65M, Peak:0.65M | Scene, ViewLayer | Updating Geometry BVH Cube.114 115/130 | Building BVH
Fra:1 Mem:21.73M (Peak 29.32M) | Time:00:00.16 | Mem:0.65M, Peak:0.65M | Scene, ViewLayer | Updating Geometry BVH Cube.114 115/130 | Building mesh BLAS |     188 tris | Cube.114
Fra:1 Mem:21.73M (Peak 29.32M) | Time:00:00.16 | Mem:0.65M, Peak:0.65M | Scene, ViewLayer | Updating Geometry BVH Cube.115 116/130 | Building BVH
Fra:1 Mem:21.73M (Peak 29.32M) | Time:00:00.16 | Mem:0.65M, Peak:0.65M | Scene, ViewLayer | Updating Geometry BVH Cube.115 116/130 | Building mesh BLAS |     188 tris | Cube.115
Fra:1 Mem:21.73M (Peak 29.32M) | Time:00:00.16 | Mem:0.65M, Peak:0.65M | Scene, ViewLayer | Updating Geometry BVH Cube.116 117/130 | Building BVH
Fra:1 Mem:21.73M (Peak 29.32M) | Time:00:00.16 | Mem:0.65M, Peak:0.65M | Scene, ViewLayer | Updating Geometry BVH Cube.116 117/130 | Building mesh BLAS |     188 tris | Cube.116
Fra:1 Mem:21.73M (Peak 29.32M) | Time:00:00.16 | Mem:0.65M, Peak:0.65M | Scene, ViewLayer | Updating Geometry BVH Cube.117 118/130 | Building BVH
Fra:1 Mem:21.73M (Peak 29.32M) | Time:00:00.16 | Mem:0.65M, Peak:0.65M | Scene, ViewLayer | Updating Geometry BVH Cube.117 118/130 | Building mesh BLAS |     188 tris | Cube.117
Fra:1 Mem:21.73M (Peak 29.32M) | Time:00:00.16 | Mem:0.65M, Peak:0.65M | Scene, ViewLayer | Updating Geometry BVH Cube.118 119/130 | Building BVH
Fra:1 Mem:21.73M (Peak 29.32M) | Time:00:00.16 | Mem:0.65M, Peak:0.65M | Scene, ViewLayer | Updating Geometry BVH Cube.118 119/130 | Building mesh BLAS |     188 tris | Cube.118
Fra:1 Mem:21.73M (Peak 29.32M) | Time:00:00.16 | Mem:0.65M, Peak:0.65M | Scene, ViewLayer | Updating Geometry BVH Cube.119 120/130 | Building BVH
Fra:1 Mem:21.73M (Peak 29.32M) | Time:00:00.16 | Mem:0.65M, Peak:0.65M | Scene, ViewLayer | Updating Geometry BVH Cube.119 120/130 | Building mesh BLAS |     188 tris | Cube.119
Fra:1 Mem:21.73M (Peak 29.32M) | Time:00:00.16 | Mem:0.65M, Peak:0.65M | Scene, ViewLayer | Updating Geometry BVH Cube.120 121/130 | Building BVH
Fra:1 Mem:21.73M (Peak 29.32M) | Time:00:00.16 | Mem:0.65M, Peak:0.65M | Scene, ViewLayer | Updating Geometry BVH Cube.120 121/130 | Building mesh BLAS |     188 tris | Cube.120
Fra:1 Mem:21.73M (Peak 29.32M) | Time:00:00.16 | Mem:0.65M, Peak:0.65M | Scene, ViewLayer | Updating Geometry BVH Cube.121 122/130 | Building BVH
Fra:1 Mem:21.73M (Peak 29.32M) | Time:00:00.16 | Mem:0.65M, Peak:0.65M | Scene, ViewLayer | Updating Geometry BVH Cube.121 122/130 | Building mesh BLAS |     188 tris | Cube.121
Fra:1 Mem:21.73M (Peak 29.32M) | Time:00:00.16 | Mem:0.67M, Peak:0.67M | Scene, ViewLayer | Updating Geometry BVH Cube.123 124/130 | Building BVH
Fra:1 Mem:21.73M (Peak 29.32M) | Time:00:00.16 | Mem:0.67M, Peak:0.67M | Scene, ViewLayer | Updating Geometry BVH Cube.123 124/130 | Building mesh BLAS |     188 tris | Cube.123
Fra:1 Mem:21.73M (Peak 29.32M) | Time:00:00.16 | Mem:0.67M, Peak:0.67M | Scene, ViewLayer | Updating Geometry BVH Cube.122 123/130 | Building BVH
Fra:1 Mem:21.73M (Peak 29.32M) | Time:00:00.16 | Mem:0.67M, Peak:0.67M | Scene, ViewLayer | Updating Geometry BVH Cube.122 123/130 | Building mesh BLAS |     188 tris | Cube.122
Fra:1 Mem:21.73M (Peak 29.32M) | Time:00:00.16 | Mem:1.02M, Peak:1.02M | Scene, ViewLayer | Updating Scene BVH | Building
Fra:1 Mem:21.73M (Peak 29.32M) | Time:00:00.17 | Mem:1.85M, Peak:1.85M | Scene, ViewLayer | Updating Scene BVH | Building TLAS      |     130 instances
Fra:1 Mem:21.73M (Peak 29.32M) | Time:00:00.17 | Mem:1.88M, Peak:1.88M | Scene, ViewLayer | Updating Scene BVH | Copying BVH to device
Fra:1 Mem:21.73M (Peak 29.32M) | Time:00:00.17 | Mem:1.88M, Peak:1.88M | Scene, ViewLayer | Updating Mesh | Computing normals
Fra:1 Mem:23.24M (Peak 29.32M) | Time:00:00.17 | Mem:1.88M, Peak:1.88M | Scene, ViewLayer | Updating Mesh | Copying Mesh to device
Fra:1 Mem:21.73M (Peak 29.32M) | Time:00:00.17 | Mem:3.41M, Peak:3.41M | Scene, ViewLayer | Updating Objects Flags
Fra:1 Mem:21.73M (Peak 29.32M) | Time:00:00.17 | Mem:3.41M, Peak:3.41M | Scene, ViewLayer | Updating Primitive Offsets
Fra:1 Mem:21.73M (Peak 29.32M) | Time:00:00.17 | Mem:3.41M, Peak:3.41M | Scene, ViewLayer | Updating Images
Fra:1 Mem:21.73M (Peak 29.32M) | Time:00:00.17 | Mem:3.41M, Peak:3.41M | Scene, ViewLayer | Updating Images | Loading plastered_wall_02_disp_2k.jpg
Fra:1 Mem:25.73M (Peak 29.32M) | Time:00:00.17 | Mem:3.41M, Peak:3.41M | Scene, ViewLayer | Updating Images | Loading plastered_wall_02_diff_2k.jpg
Fra:1 Mem:25.73M (Peak 29.32M) | Time:00:00.17 | Mem:3.41M, Peak:3.41M | Scene, ViewLayer | Updating Images | Loading marble_01_diff_2k.jpg
Fra:1 Mem:57.73M (Peak 57.73M) | Time:00:00.17 | Mem:3.41M, Peak:3.41M | Scene, ViewLayer | Updating Images | Loading marble_01_rough_2k.jpg
Fra:1 Mem:57.73M (Peak 57.73M) | Time:00:00.17 | Mem:3.41M, Peak:3.41M | Scene, ViewLayer | Updating Images | Loading marble_01_disp_2k.jpg
Fra:1 Mem:82.74M (Peak 82.74M) | Time:00:00.22 | Mem:64.41M, Peak:64.41M | Scene, ViewLayer | Updating Camera Volume
Fra:1 Mem:82.74M (Peak 82.74M) | Time:00:00.22 | Mem:64.41M, Peak:64.41M | Scene, ViewLayer | Updating Lookup Tables
Fra:1 Mem:82.66M (Peak 82.74M) | Time:00:00.22 | Mem:64.51M, Peak:64.51M | Scene, ViewLayer | Updating Lights
Fra:1 Mem:82.66M (Peak 82.74M) | Time:00:00.22 | Mem:64.51M, Peak:64.51M | Scene, ViewLayer | Updating Lights | Importance map
Fra:1 Mem:82.65M (Peak 86.66M) | Time:00:09.34 | Mem:65.54M, Peak:68.03M | Scene, ViewLayer | Updating Lights | Computing tree
Fra:1 Mem:82.65M (Peak 86.66M) | Time:00:09.34 | Mem:65.54M, Peak:68.03M | Scene, ViewLayer | Updating Integrator
Fra:1 Mem:82.65M (Peak 86.66M) | Time:00:09.34 | Mem:65.54M, Peak:68.03M | Scene, ViewLayer | Updating Film
Fra:1 Mem:82.74M (Peak 86.66M) | Time:00:09.34 | Mem:65.45M, Peak:68.03M | Scene, ViewLayer | Updating Lookup Tables
Fra:1 Mem:82.65M (Peak 86.66M) | Time:00:09.34 | Mem:65.54M, Peak:68.03M | Scene, ViewLayer | Updating Baking
Fra:1 Mem:82.65M (Peak 86.66M) | Time:00:09.34 | Mem:65.54M, Peak:68.03M | Scene, ViewLayer | Updating Device | Writing constant memory
Fra:1 Mem:82.65M (Peak 86.66M) | Time:00:09.35 | Mem:65.54M, Peak:68.03M | Scene, ViewLayer | Loading denoising kernels (may take a few minutes the first time)
Fra:1 Mem:82.66M (Peak 114.66M) | Time:00:09.36 | Mem:2881.55M, Peak:2881.55M | Scene, ViewLayer | 54 / 66 render kernels loaded (may take a few minutes the first time)
Fra:1 Mem:82.66M (Peak 114.66M) | Time:00:10.38 | Mem:2881.55M, Peak:2881.55M | Scene, ViewLayer | 57 / 66 render kernels loaded (may take a few minutes the first time)
Fra:1 Mem:82.66M (Peak 114.66M) | Time:00:10.59 | Mem:2881.55M, Peak:2881.55M | Scene, ViewLayer | 58 / 66 render kernels loaded (may take a few minutes the first time)
Fra:1 Mem:82.66M (Peak 114.66M) | Time:00:10.79 | Mem:2881.55M, Peak:2881.55M | Scene, ViewLayer | 59 / 66 render kernels loaded (may take a few minutes the first time)
Fra:1 Mem:82.66M (Peak 114.66M) | Time:00:11.00 | Mem:2881.55M, Peak:2881.55M | Scene, ViewLayer | 60 / 66 render kernels loaded (may take a few minutes the first time)
Fra:1 Mem:82.66M (Peak 114.66M) | Time:00:11.20 | Mem:2881.55M, Peak:2881.55M | Scene, ViewLayer | 61 / 66 render kernels loaded (may take a few minutes the first time)
Fra:1 Mem:82.66M (Peak 114.66M) | Time:00:20.12 | Mem:2881.55M, Peak:2881.55M | Scene, ViewLayer | 62 / 66 render kernels loaded (may take a few minutes the first time)
Fra:1 Mem:82.66M (Peak 114.66M) | Time:00:23.82 | Mem:2881.55M, Peak:2881.55M | Scene, ViewLayer | 63 / 66 render kernels loaded (may take a few minutes the first time)
Fra:1 Mem:82.66M (Peak 114.66M) | Time:00:32.80 | Mem:2881.55M, Peak:2881.55M | Scene, ViewLayer | 64 / 66 render kernels loaded (may take a few minutes the first time)
Fra:1 Mem:82.66M (Peak 114.66M) | Time:00:35.26 | Mem:2881.55M, Peak:2881.55M | Scene, ViewLayer | 65 / 66 render kernels loaded (may take a few minutes the first time)
Fra:1 Mem:82.66M (Peak 114.66M) | Time:00:37.52 | Mem:2881.55M, Peak:2881.55M | Scene, ViewLayer | Sample 0/48 (Using optimized kernels)
Fra:1 Mem:82.66M (Peak 151.15M) | Time:00:38.33 | Remaining:00:38.35 | Mem:2950.07M, Peak:2950.07M | Scene, ViewLayer | Sample 1/48 (Using optimized kernels)
Fra:1 Mem:111.50M (Peak 154.76M) | Time:00:40.05 | Mem:2950.07M, Peak:2950.07M | Scene, ViewLayer | Sample 48/48 (Using optimized kernels)
Fra:1 Mem:111.50M (Peak 154.76M) | Time:00:40.05 | Mem:2950.07M, Peak:2950.07M | Scene, ViewLayer | Finished
Saved: '/Users/xuanji/gits/mv-astra/output/cycles/daylight-geometry-preview.png'
Time: 00:40.25 (Saving: 00:00.12)

Render device: Apple M5 Max CPU False
Render device: Apple M5 Max (GPU - 40 cores) METAL True
Projection closure residual (m): 8.259061849445711e-07
FINISHED daylight-geometry-preview

Blender quit
